Release 14.7 - xst P.20131013 (nt64)
Copyright (c) 1995-2013 Xilinx, Inc.  All rights reserved.
--> Parameter TMPDIR set to xst/projnav.tmp


Total REAL time to Xst completion: 0.00 secs
Total CPU time to Xst completion: 0.10 secs
 
--> Parameter xsthdpdir set to xst


Total REAL time to Xst completion: 0.00 secs
Total CPU time to Xst completion: 0.11 secs
 
--> Reading design: test00.prj

TABLE OF CONTENTS
  1) Synthesis Options Summary
  2) HDL Parsing
  3) HDL Elaboration
  4) HDL Synthesis
       4.1) HDL Synthesis Report
  5) Advanced HDL Synthesis
       5.1) Advanced HDL Synthesis Report
  6) Low Level Synthesis
  7) Partition Report
  8) Design Summary
       8.1) Primitive and Black Box Usage
       8.2) Device utilization summary
       8.3) Partition Resource Summary
       8.4) Timing Report
            8.4.1) Clock Information
            8.4.2) Asynchronous Control Signals Information
            8.4.3) Timing Summary
            8.4.4) Timing Details
            8.4.5) Cross Clock Domains Report


=========================================================================
*                      Synthesis Options Summary                        *
=========================================================================
---- Source Parameters
Input File Name                    : "test00.prj"
Ignore Synthesis Constraint File   : NO

---- Target Parameters
Output File Name                   : "test00"
Output Format                      : NGC
Target Device                      : xc6slx16-3-csg324

---- Source Options
Top Module Name                    : test00
Automatic FSM Extraction           : YES
FSM Encoding Algorithm             : Auto
Safe Implementation                : No
FSM Style                          : LUT
RAM Extraction                     : Yes
RAM Style                          : Auto
ROM Extraction                     : Yes
Shift Register Extraction          : YES
ROM Style                          : Auto
Resource Sharing                   : YES
Asynchronous To Synchronous        : NO
Shift Register Minimum Size        : 2
Use DSP Block                      : Auto
Automatic Register Balancing       : No

---- Target Options
LUT Combining                      : Auto
Reduce Control Sets                : Auto
Add IO Buffers                     : YES
Global Maximum Fanout              : 100000
Add Generic Clock Buffer(BUFG)     : 16
Register Duplication               : YES
Optimize Instantiated Primitives   : NO
Use Clock Enable                   : Auto
Use Synchronous Set                : Auto
Use Synchronous Reset              : Auto
Pack IO Registers into IOBs        : Auto
Equivalent register Removal        : YES

---- General Options
Optimization Goal                  : Speed
Optimization Effort                : 1
Power Reduction                    : NO
Keep Hierarchy                     : No
Netlist Hierarchy                  : As_Optimized
RTL Output                         : Yes
Global Optimization                : AllClockNets
Read Cores                         : YES
Write Timing Constraints           : NO
Cross Clock Analysis               : NO
Hierarchy Separator                : /
Bus Delimiter                      : <>
Case Specifier                     : Maintain
Slice Utilization Ratio            : 100
BRAM Utilization Ratio             : 100
DSP48 Utilization Ratio            : 100
Auto BRAM Packing                  : NO
Slice Utilization Ratio Delta      : 5

=========================================================================


=========================================================================
*                          HDL Parsing                                  *
=========================================================================
Parsing VHDL file "C:\Users\mateu\Downloads\newProjecttest\newProjecttest\test00.vhd" into library work
Parsing entity <test00>.
Parsing architecture <Behavioral> of entity <test00>.

=========================================================================
*                            HDL Elaboration                            *
=========================================================================

Elaborating entity <test00> (architecture <Behavioral>) from library <work>.

=========================================================================
*                           HDL Synthesis                               *
=========================================================================

Synthesizing Unit <test00>.
    Related source file is "C:\Users\mateu\Downloads\newProjecttest\newProjecttest\test00.vhd".
    Found 17-bit register for signal <dzielnik>.
    Found 1-bit register for signal <y>.
    Found 17-bit adder for signal <dzielnik[16]_GND_3_o_add_0_OUT> created at line 47.
    Summary:
	inferred   1 Adder/Subtractor(s).
	inferred  18 D-type flip-flop(s).
	inferred   1 Multiplexer(s).
Unit <test00> synthesized.

=========================================================================
HDL Synthesis Report

Macro Statistics
# Adders/Subtractors                                   : 1
 17-bit adder                                          : 1
# Registers                                            : 2
 1-bit register                                        : 1
 17-bit register                                       : 1
# Multiplexers                                         : 1
 17-bit 2-to-1 multiplexer                             : 1

=========================================================================

=========================================================================
*                       Advanced HDL Synthesis                          *
=========================================================================


=========================================================================
Advanced HDL Synthesis Report

Macro Statistics
# Adders/Subtractors                                   : 1
 17-bit adder                                          : 1
# Registers                                            : 18
 Flip-Flops                                            : 18
# Multiplexers                                         : 1
 17-bit 2-to-1 multiplexer                             : 1

=========================================================================

=========================================================================
*                         Low Level Synthesis                           *
=========================================================================

Optimizing unit <test00> ...

Mapping all equations...
Building and optimizing final netlist ...
Found area constraint ratio of 100 (+ 5) on block test00, actual ratio is 0.

Final Macro Processing ...

=========================================================================
Final Register Report

Macro Statistics
# Registers                                            : 18
 Flip-Flops                                            : 18

=========================================================================

=========================================================================
*                           Partition Report                            *
=========================================================================

Partition Implementation Status
-------------------------------

  No Partitions were found in this design.

-------------------------------

=========================================================================
*                            Design Summary                             *
=========================================================================

Top Level Output File Name         : test00.ngc

Primitive and Black Box Usage:
------------------------------
# BELS                             : 63
#      GND                         : 1
#      INV                         : 1
#      LUT1                        : 15
#      LUT2                        : 1
#      LUT3                        : 1
#      LUT4                        : 1
#      LUT6                        : 9
#      MUXCY                       : 16
#      VCC                         : 1
#      XORCY                       : 17
# FlipFlops/Latches                : 18
#      FD_1                        : 1
#      FDC_1                       : 17
# Clock Buffers                    : 1
#      BUFGP                       : 1
# IO Buffers                       : 2
#      IBUF                        : 1
#      OBUF                        : 1

Device utilization summary:
---------------------------

Selected Device : 6slx16csg324-3 


Slice Logic Utilization: 
 Number of Slice Registers:              18  out of  18224     0%  
 Number of Slice LUTs:                   28  out of   9112     0%  
    Number used as Logic:                28  out of   9112     0%  

Slice Logic Distribution: 
 Number of LUT Flip Flop pairs used:     28
   Number with an unused Flip Flop:      10  out of     28    35%  
   Number with an unused LUT:             0  out of     28     0%  
   Number of fully used LUT-FF pairs:    18  out of     28    64%  
   Number of unique control sets:         2

IO Utilization: 
 Number of IOs:                           3
 Number of bonded IOBs:                   3  out of    232     1%  

Specific Feature Utilization:
 Number of BUFG/BUFGCTRLs:                1  out of     16     6%  

---------------------------
Partition Resource Summary:
---------------------------

  No Partitions were found in this design.

---------------------------


=========================================================================
Timing Report

NOTE: THESE TIMING NUMBERS ARE ONLY A SYNTHESIS ESTIMATE.
      FOR ACCURATE TIMING INFORMATION PLEASE REFER TO THE TRACE REPORT
      GENERATED AFTER PLACE-and-ROUTE.

Clock Information:
------------------
-----------------------------------+------------------------+-------+
Clock Signal                       | Clock buffer(FF name)  | Load  |
-----------------------------------+------------------------+-------+
clk                                | BUFGP                  | 18    |
-----------------------------------+------------------------+-------+

Asynchronous Control Signals Information:
----------------------------------------
No asynchronous control signals found in this design

Timing Summary:
---------------
Speed Grade: -3

   Minimum period: 3.989ns (Maximum Frequency: 250.705MHz)
   Minimum input arrival time before clock: 3.837ns
   Maximum output required time after clock: 3.634ns
   Maximum combinational path delay: No path found

Timing Details:
---------------
All values displayed in nanoseconds (ns)

=========================================================================
Timing constraint: Default period analysis for Clock 'clk'
  Clock period: 3.989ns (frequency: 250.705MHz)
  Total number of paths / destination ports: 1192 / 18
-------------------------------------------------------------------------
Delay:               3.989ns (Levels of Logic = 7)
  Source:            dzielnik_0 (FF)
  Destination:       dzielnik_5 (FF)
  Source Clock:      clk falling
  Destination Clock: clk falling

  Data Path: dzielnik_0 to dzielnik_5
                                Gate     Net
    Cell:in->out      fanout   Delay   Delay  Logical Name (Net Name)
    ----------------------------------------  ------------
     FDC_1:C->Q            1   0.447   0.579  dzielnik_0 (dzielnik_0)
     INV:I->O              1   0.206   0.000  Madd_dzielnik[16]_GND_3_o_add_0_OUT_lut<0>_INV_0 (Madd_dzielnik[16]_GND_3_o_add_0_OUT_lut<0>)
     MUXCY:S->O            1   0.172   0.000  Madd_dzielnik[16]_GND_3_o_add_0_OUT_cy<0> (Madd_dzielnik[16]_GND_3_o_add_0_OUT_cy<0>)
     MUXCY:CI->O           1   0.019   0.000  Madd_dzielnik[16]_GND_3_o_add_0_OUT_cy<1> (Madd_dzielnik[16]_GND_3_o_add_0_OUT_cy<1>)
     MUXCY:CI->O           1   0.019   0.000  Madd_dzielnik[16]_GND_3_o_add_0_OUT_cy<2> (Madd_dzielnik[16]_GND_3_o_add_0_OUT_cy<2>)
     XORCY:CI->O           2   0.180   0.981  Madd_dzielnik[16]_GND_3_o_add_0_OUT_xor<3> (dzielnik[16]_GND_3_o_add_0_OUT<3>)
     LUT6:I0->O            7   0.203   0.878  PWR_3_o_dzielnik[16]_equal_2_o<16>2 (PWR_3_o_dzielnik[16]_equal_2_o<16>1)
     LUT6:I4->O            1   0.203   0.000  Mmux_dzielnik[16]_GND_3_o_mux_2_OUT81 (dzielnik[16]_GND_3_o_mux_2_OUT<16>)
     FDC_1:D                   0.102          dzielnik_16
    ----------------------------------------
    Total                      3.989ns (1.551ns logic, 2.438ns route)
                                       (38.9% logic, 61.1% route)

=========================================================================
Timing constraint: Default OFFSET IN BEFORE for Clock 'clk'
  Total number of paths / destination ports: 18 / 18
-------------------------------------------------------------------------
Offset:              3.837ns (Levels of Logic = 3)
  Source:            reset (PAD)
  Destination:       temp (FF)
  Destination Clock: clk falling

  Data Path: reset to temp
                                Gate     Net
    Cell:in->out      fanout   Delay   Delay  Logical Name (Net Name)
    ----------------------------------------  ------------
     IBUF:I->O            18   1.222   1.297  reset_IBUF (reset_IBUF)
     LUT4:I0->O            1   0.203   0.808  temp_rstpot_SW0 (N7)
     LUT6:I3->O            1   0.205   0.000  temp_rstpot (temp_rstpot)
     FD_1:D                    0.102          temp
    ----------------------------------------
    Total                      3.837ns (1.732ns logic, 2.105ns route)
                                       (45.1% logic, 54.9% route)

=========================================================================
Timing constraint: Default OFFSET OUT AFTER for Clock 'clk'
  Total number of paths / destination ports: 1 / 1
-------------------------------------------------------------------------
Offset:              3.634ns (Levels of Logic = 1)
  Source:            temp (FF)
  Destination:       y (PAD)
  Source Clock:      clk falling

  Data Path: temp to y
                                Gate     Net
    Cell:in->out      fanout   Delay   Delay  Logical Name (Net Name)
    ----------------------------------------  ------------
     FD_1:C->Q             2   0.447   0.616  temp (temp)
     OBUF:I->O                 2.571          y_OBUF (y)
    ----------------------------------------
    Total                      3.634ns (3.018ns logic, 0.616ns route)
                                       (83.0% logic, 17.0% route)

=========================================================================

Cross Clock Domains Report:
--------------------------

Clock to Setup on destination clock clk
---------------+---------+---------+---------+---------+
               | Src:Rise| Src:Fall| Src:Rise| Src:Fall|
Source Clock   |Dest:Rise|Dest:Rise|Dest:Fall|Dest:Fall|
---------------+---------+---------+---------+---------+
clk            |         |         |    3.989|         |
---------------+---------+---------+---------+---------+

=========================================================================


Total REAL time to Xst completion: 5.00 secs
Total CPU time to Xst completion: 5.60 secs
 
--> 

Total memory usage is 4499360 kilobytes

Number of errors   :    0 (   0 filtered)
Number of warnings :    0 (   0 filtered)
Number of infos    :    0 (   0 filtered)

