--------------------------------------------------------------------------------
Release 14.7 Trace  (nt64)
Copyright (c) 1995-2013 Xilinx, Inc.  All rights reserved.

C:\Users\mateu\Documents\soft\ise\14.7\ISE_DS\ISE\bin\nt64\unwrapped\trce.exe
-intstyle ise -v 3 -s 3 -n 3 -fastpaths -xml LICZNIK_100.twx LICZNIK_100.ncd -o
LICZNIK_100.twr LICZNIK_100.pcf

Design file:              LICZNIK_100.ncd
Physical constraint file: LICZNIK_100.pcf
Device,package,speed:     xc6slx16,csg324,C,-3 (PRODUCTION 1.23 2013-10-13)
Report level:             verbose report

Environment Variable      Effect 
--------------------      ------ 
NONE                      No environment variables were set
--------------------------------------------------------------------------------

INFO:Timing:2698 - No timing constraints found, doing default enumeration.
INFO:Timing:3412 - To improve timing, see the Timing Closure User Guide (UG612).
INFO:Timing:2752 - To get complete path coverage, use the unconstrained paths 
   option. All paths that are not constrained will be reported in the 
   unconstrained paths section(s) of the report.
INFO:Timing:3339 - The clock-to-out numbers in this timing report are based on 
   a 50 Ohm transmission line loading model.  For the details of this model, 
   and for more information on accounting for different loading conditions, 
   please see the device datasheet.



Data Sheet report:
-----------------
All values displayed in nanoseconds (ns)

Setup/Hold to clock clk
------------+------------+------------+------------+------------+------------------+--------+
            |Max Setup to|  Process   |Max Hold to |  Process   |                  | Clock  |
Source      | clk (edge) |   Corner   | clk (edge) |   Corner   |Internal Clock(s) | Phase  |
------------+------------+------------+------------+------------+------------------+--------+
reset       |    0.950(R)|      FAST  |    0.090(R)|      SLOW  |clk_BUFGP         |   0.000|
------------+------------+------------+------------+------------+------------------+--------+

Clock clk to Pad
------------+-----------------+------------+-----------------+------------+------------------+--------+
            |Max (slowest) clk|  Process   |Min (fastest) clk|  Process   |                  | Clock  |
Destination |  (edge) to PAD  |   Corner   |  (edge) to PAD  |   Corner   |Internal Clock(s) | Phase  |
------------+-----------------+------------+-----------------+------------+------------------+--------+
en_1        |         6.886(R)|      SLOW  |         3.556(R)|      FAST  |clk_BUFGP         |   0.000|
en_2        |         6.484(R)|      SLOW  |         3.285(R)|      FAST  |clk_BUFGP         |   0.000|
wyjscie2<0> |         6.707(R)|      SLOW  |         3.467(R)|      FAST  |clk_BUFGP         |   0.000|
wyjscie2<1> |         6.608(R)|      SLOW  |         3.373(R)|      FAST  |clk_BUFGP         |   0.000|
wyjscie2<2> |         6.637(R)|      SLOW  |         3.371(R)|      FAST  |clk_BUFGP         |   0.000|
wyjscie2<3> |         6.855(R)|      SLOW  |         3.539(R)|      FAST  |clk_BUFGP         |   0.000|
wyjscie<0>  |         6.697(R)|      SLOW  |         3.472(R)|      FAST  |clk_BUFGP         |   0.000|
wyjscie<1>  |         6.599(R)|      SLOW  |         3.384(R)|      FAST  |clk_BUFGP         |   0.000|
wyjscie<2>  |         6.907(R)|      SLOW  |         3.597(R)|      FAST  |clk_BUFGP         |   0.000|
wyjscie<3>  |         6.908(R)|      SLOW  |         3.598(R)|      FAST  |clk_BUFGP         |   0.000|
------------+-----------------+------------+-----------------+------------+------------------+--------+

Clock to Setup on destination clock clk
---------------+---------+---------+---------+---------+
               | Src:Rise| Src:Fall| Src:Rise| Src:Fall|
Source Clock   |Dest:Rise|Dest:Rise|Dest:Fall|Dest:Fall|
---------------+---------+---------+---------+---------+
clk            |    1.732|         |         |         |
---------------+---------+---------+---------+---------+


Analysis completed Fri May 14 09:28:06 2021 
--------------------------------------------------------------------------------

Trace Settings:
-------------------------
Trace Settings 

Peak Memory Usage: 4553 MB



